// Jest Snapshot v1, https://goo.gl/fbAQLP

exports[`Pruebas en <RegisterScreen/> Debe de mostrarse correctamente 1`] = `
<div
  className="animate__animated animate__fadeIn animate__faster"
>
  <h3
    className="auth__title"
  >
    Register
  </h3>
  <form
    onSubmit={[Function]}
  >
    <input
      autoComplete="off"
      className="auth__input"
      name="username"
      onChange={[Function]}
      placeholder="Username"
      type="text"
      value="VÃ­ctor"
    />
    <input
      autoComplete="off"
      className="auth__input"
      name="email"
      onChange={[Function]}
      placeholder="Email"
      type="text"
      value="hugo@mail.com"
    />
    <input
      className="auth__input"
      name="password"
      onChange={[Function]}
      placeholder="Password"
      type="password"
      value="123456"
    />
    <input
      className="auth__input"
      name="confirmPassword"
      onChange={[Function]}
      placeholder="Confirm Password"
      type="password"
      value="123456"
    />
    <button
      className="btn btn-primary btn-block mb-5"
      type="submit"
    >
      Register
    </button>
    <a
      className="link"
      href="/auth/login"
      onClick={[Function]}
    >
      Already registered?
    </a>
  </form>
</div>
`;
