// Jest Snapshot v1, https://goo.gl/fbAQLP

exports[`Prueba en el componente HookApp Debe hacer match con el snapshot 1`] = `
<div>
  <h1>
    Hola Mundo
  </h1>
</div>
`;
